INVALID	gen	move	binary
C5	gen	move	binary
ARITH	gen	arith	arith
RET	gen	control	binary
O16	gen	control	binary
ADD	gen	arith	binary
OR	gen	cond	binary
ADC	gen	arith	binary
SBB	gen	arith	binary
AND	gen	cond	binary
ES	prefix	move	binary
NULL	prefix	move	binary
DAA	gen	arith	decimal
SUB	gen	arith	binary
CS	prefix	move	binary
NTAKEN	prefix	control	cond
DAS	gen	arith	decimal
XOR	gen	cond	decimal
SS	prefix	move	decimal
AAA	gen	arith	decimal
CMP	gen	arith	binary
DS	prefix	move	binary
TAKEN	prefix	control	cond
AAS	gen	arith	decimal
INC	gen	arith	binary
REX	prefix	arith	binary
REX.B	prefix	arith	binary
REX.X	prefix	arith	binary
REX.XB	prefix	arith	binary
REX.R	prefix	arith	binary
REX.RB	prefix	arith	binary
REX.RX	prefix	arith	binary
REX.RXB	prefix	arith	binary
DEC	gen	arith	binary
REX.W	prefix	arith	binary
REX.WB	prefix	arith	binary
REX.WX	prefix	arith	binary
REX.WXB	prefix	arith	binary
REX.WR	prefix	arith	binary
REX.WRB	prefix	arith	binary
REX.WRX	prefix	arith	binary
REX.WRXB	prefix	arith	binary
PUSH	gen	control	binary
POP	gen	control	binary
PUSHA	gen	control	binary
PUSHAD	gen	control	binary
POPA	gen	control	binary
POPAD	gen	control	binary
BOUND	gen	control	binary
ARPL	system	control	binary
MOVSXD	gen	move	binary
FS	prefix	move	binary
ALTER	prefix	control	cond
GS	prefix	move	cond
IMUL	gen	arith	binary
INS	gen	move	binary
INSB	gen	move	binary
INSW	gen	move	binary
INSD	gen	move	binary
OUTS	gen	move	binary
OUTSB	gen	move	binary
OUTSW	gen	move	binary
OUTSD	gen	move	binary
JO	gen	control	cond
JNO	gen	control	cond
JB	gen	control	cond
JNAE	gen	control	cond
JC	gen	control	cond
JNB	gen	control	cond
JAE	gen	control	cond
JNC	gen	control	cond
JZ	gen	control	cond
JE	gen	control	cond
JNZ	gen	control	cond
JNE	gen	control	cond
JBE	gen	control	cond
JNA	gen	control	cond
JNBE	gen	control	cond
JA	gen	control	cond
JS	gen	control	cond
JNS	gen	control	cond
JP	gen	control	cond
JPE	gen	control	cond
JNP	gen	control	cond
JPO	gen	control	cond
JL	gen	control	cond
JNGE	gen	control	cond
JNL	gen	control	cond
JGE	gen	control	cond
JLE	gen	control	cond
JNG	gen	control	cond
JNLE	gen	control	cond
JG	gen	control	cond
TEST	gen	cond	binary
XCHG	gen	move	binary
MOV	gen	move	binary
LEA	gen	move	binary
NOP	gen	control	binary
NOP-NOP	gen	control	binary
PAUSE	cachect	control	binary
CBW	gen	move	binary
CWDE	gen	move	binary
CDQE	gen	move	binary
CWD	gen	move	binary
CDQ	gen	move	binary
CQO	gen	move	binary
CALLF	gen	control	binary
FWAIT	arith	control	binary
WAIT	arith	control	binary
NO-MNEMONIC	prefix	arith	control
PUSHF	gen	control	control
PUSHFD	gen	control	control
PUSHFQ	gen	control	control
POPF	gen	control	control
POPFD	gen	control	control
POPFQ	gen	control	control
SAHF	gen	move	control
LAHF	gen	move	control
MOVS	gen	move	control
MOVSB	gen	move	control
MOVSW	gen	move	control
MOVSD	gen	move	control
MOVSQ	gen	move	control
CMPS	gen	arith	binary
CMPSB	gen	arith	binary
CMPSW	gen	arith	binary
CMPSQ	gen	arith	binary
STOS	gen	move	binary
STOSB	gen	move	binary
STOSW	gen	move	binary
STOSD	gen	move	binary
STOSQ	gen	move	binary
LODS	gen	move	binary
LODSB	gen	move	binary
LODSW	gen	move	binary
LODSD	gen	move	binary
LODSQ	gen	move	binary
SCAS	gen	arith	binary
SCASB	gen	arith	binary
SCASW	gen	arith	binary
SCASD	gen	arith	binary
SCASQ	gen	arith	binary
ROL	gen	arith	binary
ROR	gen	arith	binary
RCL	gen	arith	binary
RCR	gen	arith	binary
SHL	gen	arith	binary
SAL	gen	arith	binary
SHR	gen	arith	binary
SAR	gen	arith	binary
RETN	gen	control	binary
LES	gen	move	binary
LDS	gen	move	binary
ENTER	gen	control	binary
LEAVE	gen	control	binary
RETF	gen	control	binary
INT	gen	control	binary
INTO	gen	control	binary
IRET	gen	control	binary
IRETD	gen	control	binary
IRETQ	gen	control	binary
AAM	gen	arith	decimal
AMX	gen	arith	decimal
AAD	gen	arith	decimal
ADX	gen	arith	decimal
SALC	gen	move	decimal
SETALC	gen	move	decimal
XLAT	gen	move	decimal
XLATB	gen	move	decimal
FADD	arith	arith	decimal
FMUL	arith	arith	decimal
FCOM	arith	cond	decimal
FCOMP	arith	cond	decimal
FSUB	arith	arith	decimal
FSUBR	arith	arith	decimal
FDIV	arith	arith	decimal
FDIVR	arith	arith	decimal
FLD	arith	move	decimal
FXCH	arith	move	decimal
FST	arith	move	decimal
FNOP	arith	control	decimal
FSTP	arith	move	decimal
FLDENV	arith	control	decimal
FCHS	arith	arith	decimal
FABS	arith	arith	decimal
FTST	arith	cond	decimal
FXAM	arith	cond	decimal
FLDCW	arith	control	decimal
FLD1	arith	move	decimal
FLDL2T	arith	move	decimal
FLDL2E	arith	move	decimal
FLDPI	arith	move	decimal
FLDLG2	arith	move	decimal
FLDLN2	arith	move	decimal
FLDZ	arith	move	decimal
FNSTENV	arith	control	decimal
FSTENV	arith	control	decimal
F2XM1	arith	arith	decimal
FYL2X	arith	arith	decimal
FPTAN	arith	arith	decimal
FPATAN	arith	arith	decimal
FXTRACT	arith	arith	decimal
FPREM1	arith	arith	decimal
FDECSTP	arith	control	decimal
FINCSTP	arith	control	decimal
FNSTCW	arith	control	decimal
FSTCW	arith	control	decimal
FPREM	arith	arith	decimal
FYL2XP1	arith	arith	decimal
FSQRT	arith	arith	decimal
FSINCOS	arith	arith	decimal
FRNDINT	arith	arith	decimal
FSCALE	arith	arith	decimal
FSIN	arith	arith	decimal
FCOS	arith	arith	decimal
FIADD	arith	arith	decimal
FCMOVB	arith	move	decimal
FIMUL	arith	arith	decimal
FCMOVE	arith	move	decimal
FICOM	arith	cond	decimal
FCMOVBE	arith	move	decimal
FICOMP	arith	cond	decimal
FCMOVU	arith	move	decimal
FISUB	arith	arith	decimal
FISUBR	arith	arith	decimal
FUCOMPP	arith	cond	decimal
FIDIV	arith	arith	decimal
FIDIVR	arith	arith	decimal
FILD	arith	move	decimal
FCMOVNB	arith	move	decimal
FISTTP	arith	move	decimal
FCMOVNE	arith	move	decimal
FIST	arith	move	decimal
FCMOVNBE	arith	move	decimal
FISTP	arith	move	decimal
FCMOVNU	arith	move	decimal
FNENI	arith	control	decimal
FENI	arith	control	decimal
FNENI-NOP	obsol	control	decimal
FNDISI	arith	control	decimal
FDISI	arith	control	decimal
FNDISI-NOP	obsol	control	decimal
FNCLEX	arith	control	decimal
FCLEX	arith	control	decimal
FNINIT	arith	control	decimal
FINIT	arith	control	decimal
FNSETPM	arith	control	decimal
FSETPM	arith	control	decimal
FNSETPM-NOP	obsol	control	decimal
FUCOMI	arith	cond	decimal
FCOMI	arith	cond	decimal
FFREE	arith	control	decimal
FRSTOR	arith	control	decimal
FUCOM	arith	cond	decimal
FUCOMP	arith	cond	decimal
FNSAVE	arith	control	decimal
FSAVE	arith	control	decimal
FNSTSW	arith	control	decimal
FSTSW	arith	control	decimal
FADDP	arith	arith	decimal
FMULP	arith	arith	decimal
FCOMPP	arith	cond	decimal
FSUBRP	arith	arith	decimal
FSUBP	arith	arith	decimal
FDIVRP	arith	arith	decimal
FDIVP	arith	arith	decimal
FFREEP	arith	control	decimal
FBLD	arith	move	decimal
FUCOMIP	arith	cond	decimal
FBSTP	arith	move	decimal
FCOMIP	arith	cond	decimal
LOOPNZ	gen	control	cond
LOOPNE	gen	control	cond
LOOPZ	gen	control	cond
LOOPE	gen	control	cond
LOOP	gen	control	cond
JCXZ	gen	control	cond
JECXZ	gen	control	cond
IN	gen	move	cond
OUT	gen	move	cond
CALL	gen	control	cond
JMP	gen	control	cond
JMPF	gen	control	cond
LOCK	prefix	control	cond
REPNZ	prefix	move	cond
REPNE	prefix	move	cond
REP	prefix	move	cond
REPZ	prefix	move	cond
REPE	prefix	move	cond
HLT	system	move	cond
CMC	gen	move	cond
NOT	gen	cond	cond
NEG	gen	arith	binary
MUL	gen	arith	binary
DIV	gen	arith	binary
IDIV	gen	arith	binary
CLC	gen	move	binary
STC	gen	move	binary
CLI	gen	move	binary
STI	gen	move	binary
CLD	gen	move	binary
STD	gen	move	binary
SLDT	system	move	binary
STR	system	move	binary
LLDT	system	move	binary
LTR	system	move	binary
VERR	system	move	binary
VERW	system	move	binary
JMPE	system	control	binary
SGDT	system	control	binary
VMCALL	system	control	binary
VMLAUNCH	system	control	binary
VMRESUME	system	control	binary
VMXOFF	system	control	binary
SIDT	system	control	binary
MONITOR	sync	control	binary
MWAIT	sync	control	binary
LGDT	system	control	binary
XGETBV	system	control	binary
LIDT	system	control	binary
SMSW	system	control	binary
LMSW	system	control	binary
INVLPG	system	control	binary
SWAPGS	system	control	binary
RDTSCP	system	control	binary
LAR	system	control	binary
LSL	system	control	binary
LOADALL	system	control	binary
SYSCALL	system	control	binary
CLTS	system	control	binary
SYSRET	system	control	arith
INVD	system	control	arith
WBINVD	system	control	arith
UD2	gen	control	arith
MOVUPS	simdfp	move	arith
MOVSS	simdfp	move	arith
MOVUPD	pcksclr	move	arith
MOVHLPS	simdfp	move	arith
MOVLPS	simdfp	move	arith
MOVLPD	pcksclr	move	arith
MOVDDUP	simdfp	move	arith
MOVSLDUP	simdfp	move	arith
UNPCKLPS	simdfp	move	arith
UNPCKLPD	pcksclr	move	arith
UNPCKHPS	simdfp	move	arith
UNPCKHPD	pcksclr	move	arith
MOVLHPS	simdfp	move	arith
MOVHPS	simdfp	move	arith
MOVHPD	pcksclr	move	arith
MOVSHDUP	simdfp	move	arith
HINT_NOP	gen	control	arith
PREFETCHNTA	fetch	control	arith
PREFETCHT0	fetch	control	arith
PREFETCHT1	fetch	control	arith
PREFETCHT2	fetch	control	arith
MOVAPS	simdfp	move	arith
MOVAPD	pcksclr	move	arith
CVTPI2PS	move	move	arith
CVTSI2SS	move	move	arith
CVTPI2PD	pcksclr	move	arith
CVTSI2SD	pcksclr	move	arith
MOVNTPS	cachect	move	arith
MOVNTPD	cachect	move	arith
CVTTPS2PI	move	move	arith
CVTTSS2SI	move	move	arith
CVTTPD2PI	pcksclr	move	arith
CVTTSD2SI	pcksclr	move	arith
CVTPS2PI	move	move	arith
CVTSS2SI	move	move	arith
CVTPD2PI	pcksclr	move	arith
CVTSD2SI	pcksclr	move	arith
UCOMISS	simdfp	cond	arith
UCOMISD	pcksclr	cond	arith
COMISS	simdfp	cond	arith
COMISD	pcksclr	cond	arith
WRMSR	system	cond	arith
RDTSC	system	cond	arith
RDMSR	system	cond	arith
RDPMC	system	cond	arith
SYSENTER	system	control	arith
SYSEXIT	system	control	arith
GETSEC	system	control	arith
PSHUFB	simdint	control	arith
PHADDW	simdint	control	arith
PHADDD	simdint	control	arith
PHADDSW	simdint	control	arith
PMADDUBSW	simdint	control	arith
PHSUBW	simdint	control	arith
PHSUBD	simdint	control	arith
PHSUBSW	simdint	control	arith
PSIGNB	simdint	control	arith
PSIGNW	simdint	control	arith
PSIGND	simdint	control	arith
PMULHRSW	simdint	control	arith
PBLENDVB	simdint	move	arith
BLENDVPS	simdint	move	arith
BLENDVPD	simdint	move	arith
PTEST	simdint	move	arith
PABSB	simdint	move	arith
PABSW	simdint	move	arith
PABSD	simdint	move	arith
PMOVSXBW	simdint	move	arith
PMOVSXBD	simdint	move	arith
PMOVSXBQ	simdint	move	arith
PMOVSXWD	simdint	move	arith
PMOVSXWQ	simdint	move	arith
PMOVSXDQ	simdint	move	arith
PMULDQ	simdint	arith	arith
PCMPEQQ	simdint	cond	arith
MOVNTDQA	cachect	cond	arith
PACKUSDW	simdint	move	arith
PMOVZXBW	simdint	move	arith
PMOVZXBD	simdint	move	arith
PMOVZXBQ	simdint	move	arith
PMOVZXWD	simdint	move	arith
PMOVZXWQ	simdint	move	arith
PMOVZXDQ	simdint	move	arith
PCMPGTQ	simdint	cond	arith
PMINSB	simdint	cond	arith
PMINSD	simdint	cond	arith
PMINUW	simdint	cond	arith
PMINUD	simdint	cond	arith
PMAXSB	simdint	cond	arith
PMAXSD	simdint	cond	arith
PMAXUW	simdint	cond	arith
PMAXUD	simdint	cond	arith
PMULLD	simdint	arith	arith
PHMINPOSUW	simdint	cond	arith
INVEPT	simdint	cond	arith
INVVPID	simdint	cond	arith
MOVBE	gen	move	arith
CRC32	gen	move	arith
ROUNDPS	simdfp	move	arith
ROUNDPD	simdfp	move	arith
ROUNDSS	simdfp	move	arith
ROUNDSD	simdfp	move	arith
BLENDPS	simdfp	move	arith
BLENDPD	simdfp	move	arith
PBLENDW	simdint	move	arith
PALIGNR	simdint	move	arith
PEXTRB	simdint	move	arith
PEXTRW	simdint	move	arith
PEXTRD	simdint	move	arith
EXTRACTPS	simdfp	move	arith
PINSRB	simdint	move	arith
INSERTPS	simdfp	move	arith
PINSRD	simdint	move	arith
DPPS	simdfp	arith	arith
DPPD	simdfp	arith	arith
MPSADBW	simdint	arith	arith
PCMPESTRM	strtxt	arith	arith
PCMPESTRI	strtxt	arith	arith
PCMPISTRM	strtxt	arith	arith
PCMPISTRI	strtxt	arith	arith
CMOVO	gen	move	arith
CMOVNO	gen	move	arith
CMOVB	gen	move	arith
CMOVNAE	gen	move	arith
CMOVC	gen	move	arith
CMOVNB	gen	move	arith
CMOVAE	gen	move	arith
CMOVNC	gen	move	arith
CMOVZ	gen	move	arith
CMOVE	gen	move	arith
CMOVNZ	gen	move	arith
CMOVNE	gen	move	arith
CMOVBE	gen	move	arith
CMOVNA	gen	move	arith
CMOVNBE	gen	move	arith
CMOVA	gen	move	arith
CMOVS	gen	move	arith
CMOVNS	gen	move	arith
CMOVP	gen	move	arith
CMOVPE	gen	move	arith
CMOVNP	gen	move	arith
CMOVPO	gen	move	arith
CMOVL	gen	move	arith
CMOVNGE	gen	move	arith
CMOVNL	gen	move	arith
CMOVGE	gen	move	arith
CMOVLE	gen	move	arith
CMOVNG	gen	move	arith
CMOVNLE	gen	move	arith
CMOVG	gen	move	arith
MOVMSKPS	simdfp	move	arith
MOVMSKPD	pcksclr	move	arith
SQRTPS	simdfp	arith	arith
SQRTSS	simdfp	arith	arith
SQRTPD	pcksclr	arith	arith
SQRTSD	pcksclr	arith	arith
RSQRTPS	simdfp	arith	arith
RSQRTSS	simdfp	arith	arith
RCPPS	simdfp	arith	arith
RCPSS	simdfp	arith	arith
ANDPS	simdfp	cond	arith
ANDPD	pcksclr	cond	arith
ANDNPS	simdfp	cond	arith
ANDNPD	pcksclr	cond	arith
ORPS	simdfp	cond	arith
ORPD	pcksclr	cond	arith
XORPS	simdfp	cond	arith
XORPD	pcksclr	cond	arith
ADDPS	simdfp	arith	arith
ADDSS	simdfp	arith	arith
ADDPD	pcksclr	arith	arith
ADDSD	pcksclr	arith	arith
MULPS	simdfp	arith	arith
MULSS	simdfp	arith	arith
MULPD	pcksclr	arith	arith
MULSD	pcksclr	arith	arith
CVTPS2PD	pcksclr	move	arith
CVTPD2PS	pcksclr	move	arith
CVTSS2SD	pcksclr	move	arith
CVTSD2SS	pcksclr	move	arith
CVTDQ2PS	pcksp	move	arith
CVTPS2DQ	pcksp	move	arith
CVTTPS2DQ	pcksp	move	arith
SUBPS	simdfp	arith	arith
SUBSS	simdfp	arith	arith
SUBPD	pcksclr	arith	arith
SUBSD	pcksclr	arith	arith
MINPS	simdfp	arith	arith
MINSS	simdfp	arith	arith
MINPD	pcksclr	arith	arith
MINSD	pcksclr	arith	arith
DIVPS	simdfp	arith	arith
DIVSS	simdfp	arith	arith
DIVPD	pcksclr	arith	arith
DIVSD	pcksclr	arith	arith
MAXPS	simdfp	arith	arith
MAXSS	simdfp	arith	arith
MAXPD	pcksclr	arith	arith
MAXSD	pcksclr	arith	arith
PUNPCKLBW	unpack	arith	arith
PUNPCKLWD	unpack	move	arith
PUNPCKLDQ	unpack	move	arith
PACKSSWB	move	move	arith
PCMPGTB	cond	move	arith
PCMPGTW	cond	cond	arith
PCMPGTD	cond	cond	arith
PACKUSWB	move	cond	arith
PUNPCKHBW	unpack	move	arith
PUNPCKHWD	unpack	move	arith
PUNPCKHDQ	unpack	move	arith
PACKSSDW	move	move	arith
PUNPCKLQDQ	simdint	move	arith
PUNPCKHQDQ	simdint	move	arith
MOVD	move	move	arith
MOVDQA	simdint	move	arith
MOVDQU	simdint	move	arith
PSHUFW	simdint	move	arith
PSHUFLW	simdint	move	arith
PSHUFHW	simdint	move	arith
PSHUFD	simdint	move	arith
PSRLW	arith	move	arith
PSRAW	arith	move	arith
PSLLW	arith	move	arith
PSRLD	arith	move	arith
PSRAD	arith	move	arith
PSLLD	arith	move	arith
PSRLQ	arith	move	arith
PSRLDQ	simdint	arith	arith
PSLLQ	arith	arith	arith
PSLLDQ	simdint	arith	arith
PCMPEQB	cond	arith	arith
PCMPEQW	cond	cond	arith
PCMPEQD	cond	cond	arith
EMMS	arith	control	arith
VMREAD	arith	control	arith
VMWRITE	arith	control	arith
HADDPD	simdfp	arith	arith
HADDPS	simdfp	arith	arith
HSUBPD	simdfp	arith	arith
HSUBPS	simdfp	arith	arith
MOVQ	simdint	move	arith
SETO	gen	move	arith
SETNO	gen	move	arith
SETB	gen	move	arith
SETNAE	gen	move	arith
SETC	gen	move	arith
SETNB	gen	move	arith
SETAE	gen	move	arith
SETNC	gen	move	arith
SETZ	gen	move	arith
SETE	gen	move	arith
SETNZ	gen	move	arith
SETNE	gen	move	arith
SETBE	gen	move	arith
SETNA	gen	move	arith
SETNBE	gen	move	arith
SETA	gen	move	arith
SETS	gen	move	arith
SETNS	gen	move	arith
SETP	gen	move	arith
SETPE	gen	move	arith
SETNP	gen	move	arith
SETPO	gen	move	arith
SETL	gen	move	arith
SETNGE	gen	move	arith
SETNL	gen	move	arith
SETGE	gen	move	arith
SETLE	gen	move	arith
SETNG	gen	move	arith
SETNLE	gen	move	arith
SETG	gen	move	arith
CPUID	gen	control	arith
BT	gen	move	arith
SHLD	gen	arith	arith
RSM	system	control	arith
BTS	gen	move	arith
SHRD	gen	arith	arith
FXSAVE	sm	arith	arith
FXRSTOR	sm	arith	arith
LDMXCSR	mxcsrsm	arith	arith
STMXCSR	mxcsrsm	arith	arith
XSAVE	system	arith	arith
LFENCE	order	arith	arith
XRSTOR	system	arith	arith
MFENCE	order	arith	arith
SFENCE	order	arith	arith
CLFLUSH	cachect	arith	arith
CMPXCHG	gen	move	binary
LSS	gen	move	binary
BTR	gen	move	binary
LFS	gen	move	binary
LGS	gen	move	binary
MOVZX	gen	move	binary
POPCNT	gen	move	binary
UD	gen	control	binary
BTC	gen	move	binary
BSF	gen	move	binary
BSR	gen	move	binary
MOVSX	gen	move	binary
XADD	gen	move	binary
CMPPS	simdfp	cond	binary
CMPSS	simdfp	cond	binary
CMPPD	pcksclr	cond	binary
CMPSD	pcksclr	cond	binary
MOVNTI	cachect	cond	binary
PINSRW	simdint	cond	binary
SHUFPS	simdfp	move	binary
SHUFPD	pcksclr	move	binary
CMPXCHG8B	gen	move	binary
CMPXCHG16B	gen	move	binary
VMPTRLD	gen	move	binary
VMCLEAR	gen	move	binary
VMXON	gen	move	binary
VMPTRST	gen	move	binary
BSWAP	gen	move	binary
ADDSUBPD	simdfp	arith	binary
ADDSUBPS	simdfp	arith	binary
PSRLW	simdint	arith	binary
PSRLD	simdint	arith	binary
PSRLQ	simdint	arith	binary
PADDQ	simdint	arith	binary
PMULLW	arith	arith	binary
PMULLW	simdint	arith	binary
MOVQ2DQ	simdint	move	binary
MOVDQ2Q	simdint	move	binary
PMOVMSKB	simdint	move	binary
PSUBUSB	arith	move	binary
PSUBUSB	simdint	arith	binary
PSUBUSW	arith	arith	binary
PSUBUSW	simdint	arith	binary
PMINUB	simdint	arith	binary
PAND	cond	arith	binary
PAND	simdint	cond	binary
PADDUSB	arith	cond	binary
PADDUSB	simdint	arith	binary
PADDUSW	arith	arith	binary
PADDUSW	simdint	arith	binary
PMAXUB	simdint	arith	binary
PANDN	cond	arith	binary
PANDN	simdint	cond	binary
PAVGB	simdint	cond	binary
PSRAW	simdint	arith	binary
PSRAD	simdint	arith	binary
PAVGW	simdint	arith	binary
PMULHUW	simdint	arith	binary
PMULHW	arith	arith	binary
PMULHW	simdint	arith	binary
CVTPD2DQ	pcksclr	move	binary
CVTTPD2DQ	pcksclr	move	binary
CVTDQ2PD	pcksclr	move	binary
MOVNTQ	cachect	move	binary
MOVNTDQ	cachect	move	binary
PSUBSB	arith	move	binary
PSUBSB	simdint	arith	binary
PSUBSW	arith	arith	binary
PSUBSW	simdint	arith	binary
PMINSW	simdint	arith	binary
POR	cond	arith	binary
POR	simdint	cond	binary
PADDSB	arith	cond	binary
PADDSB	simdint	arith	binary
PADDSW	arith	arith	binary
PADDSW	simdint	arith	binary
PMAXSW	simdint	arith	binary
PXOR	cond	arith	binary
PXOR	simdint	cond	binary
LDDQU	cachect	cond	binary
PSLLW	simdint	arith	binary
PSLLD	simdint	arith	binary
PSLLQ	simdint	arith	binary
PMULUDQ	simdint	arith	binary
PMADDWD	arith	arith	binary
PMADDWD	simdint	arith	binary
PSADBW	simdint	arith	binary
MASKMOVQ	cachect	arith	binary
MASKMOVDQU	cachect	arith	binary
PSUBB	arith	arith	binary
PSUBB	simdint	arith	binary
PSUBW	arith	arith	binary
PSUBW	simdint	arith	binary
PSUBD	arith	arith	binary
PSUBD	simdint	arith	binary
PSUBQ	simdint	arith	binary
PADDB	arith	arith	binary
PADDB	simdint	arith	binary
PADDW	arith	arith	binary
PADDW	simdint	arith	binary
PADDD	arith	arith	binary
PADDD	simdint	arith	binary
