INVALID	gen	invalid	invalid
RET	gen	stack	binary
O16	gen	control	binary
ADD	gen	arith	binary
OR	gen	logical	binary
ADC	gen	arith	binary
SBB	gen	arith	binary
AND	gen	logical	binary
ES	prefix	segreg	binary
NULL	prefix	segreg	binary
DAA	gen	arith	decimal
SUB	gen	arith	binary
CS	prefix	segreg	binary
NTAKEN	prefix	branch	cond
DAS	gen	arith	decimal
XOR	gen	logical	decimal
SS	prefix	segreg	decimal
AAA	gen	arith	decimal
CMP	gen	arith	binary
DS	prefix	segreg	binary
TAKEN	prefix	branch	cond
AAS	gen	arith	decimal
INC	gen	arith	binary
REX	prefix	arith	binary
REX.B	prefix	arith	binary
REX.X	prefix	arith	binary
REX.XB	prefix	arith	binary
REX.R	prefix	arith	binary
REX.RB	prefix	arith	binary
REX.RX	prefix	arith	binary
REX.RXB	prefix	arith	binary
DEC	gen	arith	binary
REX.W	prefix	arith	binary
REX.WB	prefix	arith	binary
REX.WX	prefix	arith	binary
REX.WXB	prefix	arith	binary
REX.WR	prefix	arith	binary
REX.WRB	prefix	arith	binary
REX.WRX	prefix	arith	binary
REX.WRXB	prefix	arith	binary
PUSH	gen	stack	binary
POP	gen	stack	binary
PUSHA	gen	stack	binary
PUSHAD	gen	stack	binary
POPA	gen	stack	binary
POPAD	gen	stack	binary
BOUND	gen	stack	binary
ARPL	system	stack	binary
MOVSXD	gen	conver	binary
FS	prefix	segreg	binary
ALTER	prefix	branch	cond
GS	prefix	segreg	cond
IMUL	gen	arith	binary
INS	gen	inout	binary
INSB	gen	inout	binary
INSW	gen	inout	binary
INSD	gen	inout	binary
OUTS	gen	inout	binary
OUTSB	gen	inout	binary
OUTSW	gen	inout	binary
OUTSD	gen	inout	binary
JO	gen	branch	cond
JNO	gen	branch	cond
JB	gen	branch	cond
JNAE	gen	branch	cond
JC	gen	branch	cond
JNB	gen	branch	cond
JAE	gen	branch	cond
JNC	gen	branch	cond
JZ	gen	branch	cond
JE	gen	branch	cond
JNZ	gen	branch	cond
JNE	gen	branch	cond
JBE	gen	branch	cond
JNA	gen	branch	cond
JNBE	gen	branch	cond
JA	gen	branch	cond
JS	gen	branch	cond
JNS	gen	branch	cond
JP	gen	branch	cond
JPE	gen	branch	cond
JNP	gen	branch	cond
JPO	gen	branch	cond
JL	gen	branch	cond
JNGE	gen	branch	cond
JNL	gen	branch	cond
JGE	gen	branch	cond
JLE	gen	branch	cond
JNG	gen	branch	cond
JNLE	gen	branch	cond
JG	gen	branch	cond
TEST	gen	logical	binary
XCHG	gen	datamov	binary
MOV	gen	datamov	binary
LEA	gen	datamov	binary
NOP	gen	control	binary
NOP-NOP	gen	control	binary
PAUSE	cachect	control	binary
CBW	gen	conver	binary
CWDE	gen	conver	binary
CDQE	gen	conver	binary
CWD	gen	conver	binary
CDQ	gen	conver	binary
CQO	gen	conver	binary
CALLF	gen	stack	binary
FWAIT	x87fpu	control	binary
WAIT	x87fpu	control	binary
NO-MNEMONIC	prefix	x87fpu	control
PUSHF	gen	stack	control
PUSHFD	gen	stack	control
PUSHFQ	gen	stack	control
POPF	gen	stack	control
POPFD	gen	stack	control
POPFQ	gen	stack	control
SAHF	gen	datamov	control
LAHF	gen	datamov	control
MOVS	gen	datamov	control
MOVSB	gen	datamov	control
MOVSW	gen	datamov	control
MOVSD	gen	datamov	control
MOVSQ	gen	datamov	control
CMPS	gen	arith	binary
CMPSB	gen	arith	binary
CMPSW	gen	arith	binary
CMPSQ	gen	arith	binary
STOS	gen	datamov	binary
STOSB	gen	datamov	binary
STOSW	gen	datamov	binary
STOSD	gen	datamov	binary
STOSQ	gen	datamov	binary
LODS	gen	datamov	binary
LODSB	gen	datamov	binary
LODSW	gen	datamov	binary
LODSD	gen	datamov	binary
LODSQ	gen	datamov	binary
SCAS	gen	arith	binary
SCASB	gen	arith	binary
SCASW	gen	arith	binary
SCASD	gen	arith	binary
SCASQ	gen	arith	binary
ROL	gen	shftrot	binary
ROR	gen	shftrot	binary
RCL	gen	shftrot	binary
RCR	gen	shftrot	binary
SHL	gen	shftrot	binary
SAL	gen	shftrot	binary
SHR	gen	shftrot	binary
SAR	gen	shftrot	binary
RETN	gen	stack	binary
LES	gen	datamov	binary
LDS	gen	datamov	binary
ENTER	gen	stack	binary
LEAVE	gen	stack	binary
RETF	gen	stack	binary
INT	gen	stack	binary
INTO	gen	stack	binary
IRET	gen	stack	binary
IRETD	gen	stack	binary
IRETQ	gen	stack	binary
AAM	gen	arith	decimal
AMX	gen	arith	decimal
AAD	gen	arith	decimal
ADX	gen	arith	decimal
SALC	gen	datamov	decimal
SETALC	gen	datamov	decimal
XLAT	gen	datamov	decimal
XLATB	gen	datamov	decimal
FADD	x87fpu	arith	decimal
FMUL	x87fpu	arith	decimal
FCOM	x87fpu	compar	decimal
FCOMP	x87fpu	compar	decimal
FSUB	x87fpu	arith	decimal
FSUBR	x87fpu	arith	decimal
FDIV	x87fpu	arith	decimal
FDIVR	x87fpu	arith	decimal
FLD	x87fpu	datamov	decimal
FXCH	x87fpu	datamov	decimal
FST	x87fpu	datamov	decimal
FNOP	x87fpu	control	decimal
FSTP	x87fpu	datamov	decimal
FLDENV	x87fpu	control	decimal
FCHS	x87fpu	arith	decimal
FABS	x87fpu	arith	decimal
FTST	x87fpu	compar	decimal
FXAM	x87fpu	compar	decimal
FLDCW	x87fpu	control	decimal
FLD1	x87fpu	ldconst	decimal
FLDL2T	x87fpu	ldconst	decimal
FLDL2E	x87fpu	ldconst	decimal
FLDPI	x87fpu	ldconst	decimal
FLDLG2	x87fpu	ldconst	decimal
FLDLN2	x87fpu	ldconst	decimal
FLDZ	x87fpu	ldconst	decimal
FNSTENV	x87fpu	control	decimal
FSTENV	x87fpu	control	decimal
F2XM1	x87fpu	trans	decimal
FYL2X	x87fpu	trans	decimal
FPTAN	x87fpu	trans	decimal
FPATAN	x87fpu	trans	decimal
FXTRACT	x87fpu	arith	decimal
FPREM1	x87fpu	arith	decimal
FDECSTP	x87fpu	control	decimal
FINCSTP	x87fpu	control	decimal
FNSTCW	x87fpu	control	decimal
FSTCW	x87fpu	control	decimal
FPREM	x87fpu	arith	decimal
FYL2XP1	x87fpu	trans	decimal
FSQRT	x87fpu	arith	decimal
FSINCOS	x87fpu	trans	decimal
FRNDINT	x87fpu	arith	decimal
FSCALE	x87fpu	arith	decimal
FSIN	x87fpu	trans	decimal
FCOS	x87fpu	trans	decimal
FIADD	x87fpu	arith	decimal
FCMOVB	x87fpu	datamov	decimal
FIMUL	x87fpu	arith	decimal
FCMOVE	x87fpu	datamov	decimal
FICOM	x87fpu	compar	decimal
FCMOVBE	x87fpu	datamov	decimal
FICOMP	x87fpu	compar	decimal
FCMOVU	x87fpu	datamov	decimal
FISUB	x87fpu	arith	decimal
FISUBR	x87fpu	arith	decimal
FUCOMPP	x87fpu	compar	decimal
FIDIV	x87fpu	arith	decimal
FIDIVR	x87fpu	arith	decimal
FILD	x87fpu	datamov	decimal
FCMOVNB	x87fpu	datamov	decimal
FISTTP	x87fpu	conver	decimal
FCMOVNE	x87fpu	datamov	decimal
FIST	x87fpu	datamov	decimal
FCMOVNBE	x87fpu	datamov	decimal
FISTP	x87fpu	datamov	decimal
FCMOVNU	x87fpu	datamov	decimal
FNENI	x87fpu	control	decimal
FENI	x87fpu	control	decimal
FNENI-NOP	obsol	control	decimal
FNDISI	x87fpu	control	decimal
FDISI	x87fpu	control	decimal
FNDISI-NOP	obsol	control	decimal
FNCLEX	x87fpu	control	decimal
FCLEX	x87fpu	control	decimal
FNINIT	x87fpu	control	decimal
FINIT	x87fpu	control	decimal
FNSETPM	x87fpu	control	decimal
FSETPM	x87fpu	control	decimal
FNSETPM-NOP	obsol	control	decimal
FUCOMI	x87fpu	compar	decimal
FCOMI	x87fpu	compar	decimal
FFREE	x87fpu	control	decimal
FRSTOR	x87fpu	control	decimal
FUCOM	x87fpu	compar	decimal
FUCOMP	x87fpu	compar	decimal
FNSAVE	x87fpu	control	decimal
FSAVE	x87fpu	control	decimal
FNSTSW	x87fpu	control	decimal
FSTSW	x87fpu	control	decimal
FADDP	x87fpu	arith	decimal
FMULP	x87fpu	arith	decimal
FCOMPP	x87fpu	compar	decimal
FSUBRP	x87fpu	arith	decimal
FSUBP	x87fpu	arith	decimal
FDIVRP	x87fpu	arith	decimal
FDIVP	x87fpu	arith	decimal
FFREEP	x87fpu	control	decimal
FBLD	x87fpu	datamov	decimal
FUCOMIP	x87fpu	compar	decimal
FBSTP	x87fpu	datamov	decimal
FCOMIP	x87fpu	compar	decimal
LOOPNZ	gen	branch	cond
LOOPNE	gen	branch	cond
LOOPZ	gen	branch	cond
LOOPE	gen	branch	cond
LOOP	gen	branch	cond
JCXZ	gen	branch	cond
JECXZ	gen	branch	cond
IN	gen	inout	cond
OUT	gen	inout	cond
CALL	gen	stack	cond
JMP	gen	branch	cond
JMPF	gen	branch	cond
LOCK	prefix	branch	cond
REPNZ	prefix	string	cond
REPNE	prefix	string	cond
REP	prefix	string	cond
REPZ	prefix	string	cond
REPE	prefix	string	cond
HLT	system	string	cond
CMC	gen	flgctrl	cond
NOT	gen	logical	cond
NEG	gen	arith	binary
MUL	gen	arith	binary
DIV	gen	arith	binary
IDIV	gen	arith	binary
CLC	gen	flgctrl	binary
STC	gen	flgctrl	binary
CLI	gen	flgctrl	binary
STI	gen	flgctrl	binary
CLD	gen	flgctrl	binary
STD	gen	flgctrl	binary
SLDT	system	flgctrl	binary
STR	system	flgctrl	binary
LLDT	system	flgctrl	binary
LTR	system	flgctrl	binary
VERR	system	flgctrl	binary
VERW	system	flgctrl	binary
JMPE	system	branch	binary
SGDT	system	branch	binary
VMCALL	system	branch	binary
VMLAUNCH	system	branch	binary
VMRESUME	system	branch	binary
VMXOFF	system	branch	binary
SIDT	system	branch	binary
MONITOR	sync	branch	binary
MWAIT	sync	branch	binary
LGDT	system	branch	binary
XGETBV	system	branch	binary
LIDT	system	branch	binary
SMSW	system	branch	binary
LMSW	system	branch	binary
INVLPG	system	branch	binary
SWAPGS	system	branch	binary
RDTSCP	system	branch	binary
LAR	system	branch	binary
LSL	system	branch	binary
LOADALL	system	branch	binary
SYSCALL	system	branch	binary
CLTS	system	branch	binary
SYSRET	system	branch	trans
INVD	system	branch	trans
WBINVD	system	branch	trans
UD2	gen	control	trans
MOVUPS	simdfp	datamov	trans
MOVSS	simdfp	datamov	trans
MOVUPD	pcksclr	datamov	trans
MOVHLPS	simdfp	datamov	trans
MOVLPS	simdfp	datamov	trans
MOVLPD	pcksclr	datamov	trans
MOVDDUP	simdfp	datamov	trans
MOVSLDUP	simdfp	datamov	trans
UNPCKLPS	simdfp	shunpck	trans
UNPCKLPD	pcksclr	shunpck	trans
UNPCKHPS	simdfp	shunpck	trans
UNPCKHPD	pcksclr	shunpck	trans
MOVLHPS	simdfp	datamov	trans
MOVHPS	simdfp	datamov	trans
MOVHPD	pcksclr	datamov	trans
MOVSHDUP	simdfp	datamov	trans
HINT_NOP	gen	control	trans
PREFETCHNTA	fetch	control	trans
PREFETCHT0	fetch	control	trans
PREFETCHT1	fetch	control	trans
PREFETCHT2	fetch	control	trans
MOVAPS	simdfp	datamov	trans
MOVAPD	pcksclr	datamov	trans
CVTPI2PS	conver	datamov	trans
CVTSI2SS	conver	datamov	trans
CVTPI2PD	pcksclr	conver	trans
CVTSI2SD	pcksclr	conver	trans
MOVNTPS	cachect	conver	trans
MOVNTPD	cachect	conver	trans
CVTTPS2PI	conver	conver	trans
CVTTSS2SI	conver	conver	trans
CVTTPD2PI	pcksclr	conver	trans
CVTTSD2SI	pcksclr	conver	trans
CVTPS2PI	conver	conver	trans
CVTSS2SI	conver	conver	trans
CVTPD2PI	pcksclr	conver	trans
CVTSD2SI	pcksclr	conver	trans
UCOMISS	simdfp	compar	trans
UCOMISD	pcksclr	compar	trans
COMISS	simdfp	compar	trans
COMISD	pcksclr	compar	trans
WRMSR	system	compar	trans
RDTSC	system	compar	trans
RDMSR	system	compar	trans
RDPMC	system	compar	trans
SYSENTER	system	branch	trans
SYSEXIT	system	branch	trans
GETSEC	system	branch	trans
PSHUFB	simdint	branch	trans
PHADDW	simdint	branch	trans
PHADDD	simdint	branch	trans
PHADDSW	simdint	branch	trans
PMADDUBSW	simdint	branch	trans
PHSUBW	simdint	branch	trans
PHSUBD	simdint	branch	trans
PHSUBSW	simdint	branch	trans
PSIGNB	simdint	branch	trans
PSIGNW	simdint	branch	trans
PSIGND	simdint	branch	trans
PMULHRSW	simdint	branch	trans
PBLENDVB	simdint	datamov	trans
BLENDVPS	simdint	datamov	trans
BLENDVPD	simdint	datamov	trans
PTEST	simdint	datamov	trans
PABSB	simdint	datamov	trans
PABSW	simdint	datamov	trans
PABSD	simdint	datamov	trans
PMOVSXBW	simdint	conver	trans
PMOVSXBD	simdint	conver	trans
PMOVSXBQ	simdint	conver	trans
PMOVSXWD	simdint	conver	trans
PMOVSXWQ	simdint	conver	trans
PMOVSXDQ	simdint	conver	trans
PMULDQ	simdint	arith	trans
PCMPEQQ	simdint	compar	trans
MOVNTDQA	cachect	compar	trans
PACKUSDW	simdint	conver	trans
PMOVZXBW	simdint	conver	trans
PMOVZXBD	simdint	conver	trans
PMOVZXBQ	simdint	conver	trans
PMOVZXWD	simdint	conver	trans
PMOVZXWQ	simdint	conver	trans
PMOVZXDQ	simdint	conver	trans
PCMPGTQ	simdint	compar	trans
PMINSB	simdint	compar	trans
PMINSD	simdint	compar	trans
PMINUW	simdint	compar	trans
PMINUD	simdint	compar	trans
PMAXSB	simdint	compar	trans
PMAXSD	simdint	compar	trans
PMAXUW	simdint	compar	trans
PMAXUD	simdint	compar	trans
PMULLD	simdint	arith	trans
PHMINPOSUW	simdint	compar	trans
INVEPT	simdint	compar	trans
INVVPID	simdint	compar	trans
MOVBE	gen	datamov	trans
CRC32	gen	datamov	trans
ROUNDPS	simdfp	conver	trans
ROUNDPD	simdfp	conver	trans
ROUNDSS	simdfp	conver	trans
ROUNDSD	simdfp	conver	trans
BLENDPS	simdfp	datamov	trans
BLENDPD	simdfp	datamov	trans
PBLENDW	simdint	datamov	trans
PALIGNR	simdint	datamov	trans
PEXTRB	simdint	datamov	trans
PEXTRW	simdint	datamov	trans
PEXTRD	simdint	datamov	trans
EXTRACTPS	simdfp	datamov	trans
PINSRB	simdint	datamov	trans
INSERTPS	simdfp	datamov	trans
PINSRD	simdint	datamov	trans
DPPS	simdfp	arith	trans
DPPD	simdfp	arith	trans
MPSADBW	simdint	arith	trans
PCMPESTRM	strtxt	arith	trans
PCMPESTRI	strtxt	arith	trans
PCMPISTRM	strtxt	arith	trans
PCMPISTRI	strtxt	arith	trans
CMOVO	gen	datamov	trans
CMOVNO	gen	datamov	trans
CMOVB	gen	datamov	trans
CMOVNAE	gen	datamov	trans
CMOVC	gen	datamov	trans
CMOVNB	gen	datamov	trans
CMOVAE	gen	datamov	trans
CMOVNC	gen	datamov	trans
CMOVZ	gen	datamov	trans
CMOVE	gen	datamov	trans
CMOVNZ	gen	datamov	trans
CMOVNE	gen	datamov	trans
CMOVBE	gen	datamov	trans
CMOVNA	gen	datamov	trans
CMOVNBE	gen	datamov	trans
CMOVA	gen	datamov	trans
CMOVS	gen	datamov	trans
CMOVNS	gen	datamov	trans
CMOVP	gen	datamov	trans
CMOVPE	gen	datamov	trans
CMOVNP	gen	datamov	trans
CMOVPO	gen	datamov	trans
CMOVL	gen	datamov	trans
CMOVNGE	gen	datamov	trans
CMOVNL	gen	datamov	trans
CMOVGE	gen	datamov	trans
CMOVLE	gen	datamov	trans
CMOVNG	gen	datamov	trans
CMOVNLE	gen	datamov	trans
CMOVG	gen	datamov	trans
MOVMSKPS	simdfp	datamov	trans
MOVMSKPD	pcksclr	datamov	trans
SQRTPS	simdfp	arith	trans
SQRTSS	simdfp	arith	trans
SQRTPD	pcksclr	arith	trans
SQRTSD	pcksclr	arith	trans
RSQRTPS	simdfp	arith	trans
RSQRTSS	simdfp	arith	trans
RCPPS	simdfp	arith	trans
RCPSS	simdfp	arith	trans
ANDPS	simdfp	logical	trans
ANDPD	pcksclr	logical	trans
ANDNPS	simdfp	logical	trans
ANDNPD	pcksclr	logical	trans
ORPS	simdfp	logical	trans
ORPD	pcksclr	logical	trans
XORPS	simdfp	logical	trans
XORPD	pcksclr	logical	trans
ADDPS	simdfp	arith	trans
ADDSS	simdfp	arith	trans
ADDPD	pcksclr	arith	trans
ADDSD	pcksclr	arith	trans
MULPS	simdfp	arith	trans
MULSS	simdfp	arith	trans
MULPD	pcksclr	arith	trans
MULSD	pcksclr	arith	trans
CVTPS2PD	pcksclr	conver	trans
CVTPD2PS	pcksclr	conver	trans
CVTSS2SD	pcksclr	conver	trans
CVTSD2SS	pcksclr	conver	trans
CVTDQ2PS	pcksp	conver	trans
CVTPS2DQ	pcksp	conver	trans
CVTTPS2DQ	pcksp	conver	trans
SUBPS	simdfp	arith	trans
SUBSS	simdfp	arith	trans
SUBPD	pcksclr	arith	trans
SUBSD	pcksclr	arith	trans
MINPS	simdfp	arith	trans
MINSS	simdfp	arith	trans
MINPD	pcksclr	arith	trans
MINSD	pcksclr	arith	trans
DIVPS	simdfp	arith	trans
DIVSS	simdfp	arith	trans
DIVPD	pcksclr	arith	trans
DIVSD	pcksclr	arith	trans
MAXPS	simdfp	arith	trans
MAXSS	simdfp	arith	trans
MAXPD	pcksclr	arith	trans
MAXSD	pcksclr	arith	trans
PUNPCKLBW	unpack	arith	trans
PUNPCKLWD	unpack	shunpck	trans
PUNPCKLDQ	unpack	shunpck	trans
PACKSSWB	conver	shunpck	trans
PCMPGTB	compar	conver	trans
PCMPGTW	compar	compar	trans
PCMPGTD	compar	compar	trans
PACKUSWB	conver	compar	trans
PUNPCKHBW	unpack	conver	trans
PUNPCKHWD	unpack	shunpck	trans
PUNPCKHDQ	unpack	shunpck	trans
PACKSSDW	conver	shunpck	trans
PUNPCKLQDQ	simdint	shunpck	trans
PUNPCKHQDQ	simdint	shunpck	trans
MOVD	datamov	shunpck	trans
MOVDQA	simdint	datamov	trans
MOVDQU	simdint	datamov	trans
PSHUFW	simdint	datamov	trans
PSHUFLW	simdint	shunpck	trans
PSHUFHW	simdint	shunpck	trans
PSHUFD	simdint	shunpck	trans
PSRLW	shift	shunpck	trans
PSRAW	shift	shunpck	trans
PSLLW	shift	shunpck	trans
PSRLD	shift	shunpck	trans
PSRAD	shift	shunpck	trans
PSLLD	shift	shunpck	trans
PSRLQ	shift	shunpck	trans
PSRLDQ	simdint	shift	trans
PSLLQ	shift	shift	trans
PSLLDQ	simdint	shift	trans
PCMPEQB	compar	shift	trans
PCMPEQW	compar	compar	trans
PCMPEQD	compar	compar	trans
EMMS	x87fpu	control	trans
VMREAD	x87fpu	control	trans
VMWRITE	x87fpu	control	trans
HADDPD	simdfp	arith	trans
HADDPS	simdfp	arith	trans
HSUBPD	simdfp	arith	trans
HSUBPS	simdfp	arith	trans
MOVQ	simdint	datamov	trans
SETO	gen	datamov	trans
SETNO	gen	datamov	trans
SETB	gen	datamov	trans
SETNAE	gen	datamov	trans
SETC	gen	datamov	trans
SETNB	gen	datamov	trans
SETAE	gen	datamov	trans
SETNC	gen	datamov	trans
SETZ	gen	datamov	trans
SETE	gen	datamov	trans
SETNZ	gen	datamov	trans
SETNE	gen	datamov	trans
SETBE	gen	datamov	trans
SETNA	gen	datamov	trans
SETNBE	gen	datamov	trans
SETA	gen	datamov	trans
SETS	gen	datamov	trans
SETNS	gen	datamov	trans
SETP	gen	datamov	trans
SETPE	gen	datamov	trans
SETNP	gen	datamov	trans
SETPO	gen	datamov	trans
SETL	gen	datamov	trans
SETNGE	gen	datamov	trans
SETNL	gen	datamov	trans
SETGE	gen	datamov	trans
SETLE	gen	datamov	trans
SETNG	gen	datamov	trans
SETNLE	gen	datamov	trans
SETG	gen	datamov	trans
CPUID	gen	control	trans
BT	gen	bit	trans
SHLD	gen	shftrot	trans
RSM	system	branch	trans
BTS	gen	bit	trans
SHRD	gen	shftrot	trans
FXSAVE	sm	shftrot	trans
FXRSTOR	sm	shftrot	trans
LDMXCSR	mxcsrsm	shftrot	trans
STMXCSR	mxcsrsm	shftrot	trans
XSAVE	system	shftrot	trans
LFENCE	order	shftrot	trans
XRSTOR	system	shftrot	trans
MFENCE	order	shftrot	trans
SFENCE	order	shftrot	trans
CLFLUSH	cachect	shftrot	trans
CMPXCHG	gen	datamov	binary
LSS	gen	datamov	binary
BTR	gen	bit	binary
LFS	gen	datamov	binary
LGS	gen	datamov	binary
MOVZX	gen	conver	binary
POPCNT	gen	bit	binary
UD	gen	control	binary
BTC	gen	bit	binary
BSF	gen	bit	binary
BSR	gen	bit	binary
MOVSX	gen	conver	binary
XADD	gen	datamov	binary
CMPPS	simdfp	compar	binary
CMPSS	simdfp	compar	binary
CMPPD	pcksclr	compar	binary
CMPSD	pcksclr	compar	binary
MOVNTI	cachect	compar	binary
PINSRW	simdint	compar	binary
SHUFPS	simdfp	shunpck	binary
SHUFPD	pcksclr	shunpck	binary
CMPXCHG8B	gen	datamov	binary
CMPXCHG16B	gen	datamov	binary
VMPTRLD	gen	datamov	binary
VMCLEAR	gen	datamov	binary
VMXON	gen	datamov	binary
VMPTRST	gen	datamov	binary
BSWAP	gen	datamov	binary
ADDSUBPD	simdfp	arith	binary
ADDSUBPS	simdfp	arith	binary
PSRLW	simdint	shift	binary
PSRLD	simdint	shift	binary
PSRLQ	simdint	shift	binary
PADDQ	simdint	arith	binary
PMULLW	arith	arith	binary
PMULLW	simdint	arith	binary
MOVQ2DQ	simdint	datamov	binary
MOVDQ2Q	simdint	datamov	binary
PMOVMSKB	simdint	datamov	binary
PSUBUSB	arith	datamov	binary
PSUBUSB	simdint	arith	binary
PSUBUSW	arith	arith	binary
PSUBUSW	simdint	arith	binary
PMINUB	simdint	arith	binary
PAND	logical	arith	binary
PAND	simdint	logical	binary
PADDUSB	arith	logical	binary
PADDUSB	simdint	arith	binary
PADDUSW	arith	arith	binary
PADDUSW	simdint	arith	binary
PMAXUB	simdint	arith	binary
PANDN	logical	arith	binary
PANDN	simdint	logical	binary
PAVGB	simdint	logical	binary
PSRAW	simdint	shift	binary
PSRAD	simdint	shift	binary
PAVGW	simdint	shift	binary
PMULHUW	simdint	shift	binary
PMULHW	arith	shift	binary
PMULHW	simdint	arith	binary
CVTPD2DQ	pcksclr	conver	binary
CVTTPD2DQ	pcksclr	conver	binary
CVTDQ2PD	pcksclr	conver	binary
MOVNTQ	cachect	conver	binary
MOVNTDQ	cachect	conver	binary
PSUBSB	arith	conver	binary
PSUBSB	simdint	arith	binary
PSUBSW	arith	arith	binary
PSUBSW	simdint	arith	binary
PMINSW	simdint	arith	binary
POR	logical	arith	binary
POR	simdint	logical	binary
PADDSB	arith	logical	binary
PADDSB	simdint	arith	binary
PADDSW	arith	arith	binary
PADDSW	simdint	arith	binary
PMAXSW	simdint	arith	binary
PXOR	logical	arith	binary
PXOR	simdint	logical	binary
LDDQU	cachect	logical	binary
PSLLW	simdint	shift	binary
PSLLD	simdint	shift	binary
PSLLQ	simdint	shift	binary
PMULUDQ	simdint	arith	binary
PMADDWD	arith	arith	binary
PMADDWD	simdint	arith	binary
PSADBW	simdint	arith	binary
MASKMOVQ	cachect	arith	binary
MASKMOVDQU	cachect	arith	binary
PSUBB	arith	arith	binary
PSUBB	simdint	arith	binary
PSUBW	arith	arith	binary
PSUBW	simdint	arith	binary
PSUBD	arith	arith	binary
PSUBD	simdint	arith	binary
PSUBQ	simdint	arith	binary
PADDB	arith	arith	binary
PADDB	simdint	arith	binary
PADDW	arith	arith	binary
PADDW	simdint	arith	binary
PADDD	arith	arith	binary
PADDD	simdint	arith	binary
